2024-01-15 08:00:01 INFO  Application started. Version=2.4.1 PID=14823
2024-01-15 08:00:02 INFO  Connected to database: postgres://prod-db-01:5432/myapp
2024-01-15 08:00:03 INFO  Cache initialized: Redis redis://cache-01:6379
2024-01-15 08:00:05 INFO  HTTP server listening on 0.0.0.0:8080
2024-01-15 08:01:10 INFO  GET /api/health 200 12ms
2024-01-15 08:01:22 INFO  GET /api/users 200 45ms
2024-01-15 08:02:11 INFO  POST /api/orders 201 120ms user_id=5521
2024-01-15 08:05:00 INFO  Background job started: invoice_generator
2024-01-15 08:05:03 WARNING  Disk usage at 78% on /dev/sda1. Threshold is 80%.
2024-01-15 08:06:45 INFO  GET /api/products 200 33ms
2024-01-15 08:08:00 ERROR  Database connection timeout after 30s. Retrying... (attempt 1/3) host=prod-db-01
2024-01-15 08:08:05 ERROR  Database connection timeout after 30s. Retrying... (attempt 2/3) host=prod-db-01
2024-01-15 08:08:10 ERROR  Database connection timeout after 30s. Retrying... (attempt 3/3) host=prod-db-01
2024-01-15 08:08:10 CRITICAL  Maximum retry attempts exceeded. Database unavailable. host=prod-db-01
2024-01-15 08:08:11 ERROR  Request failed: POST /api/checkout — downstream service unavailable
2024-01-15 08:08:11 ERROR  Request failed: GET /api/orders/881 — downstream service unavailable
2024-01-15 08:08:12 ERROR  Request failed: POST /api/cart — downstream service unavailable
2024-01-15 08:08:15 INFO  Failover triggered. Switching to read-replica: prod-db-replica-01
2024-01-15 08:08:18 INFO  Database connection restored via replica. Read-only mode active.
2024-01-15 08:09:00 WARNING  Application in degraded mode: write operations unavailable
2024-01-15 08:09:15 INFO  GET /api/products 200 41ms
2024-01-15 08:09:22 INFO  GET /api/users/profile 200 29ms
2024-01-15 08:10:00 WARNING  Memory usage high: 87% (3.5GB / 4GB). GC pressure increasing.
2024-01-15 08:10:05 INFO  Background job completed: invoice_generator generated=142 duration=5m2s
2024-01-15 08:11:00 ERROR  POST /api/orders 500 — Write operation rejected (read-only mode)
2024-01-15 08:11:01 ERROR  POST /api/checkout 500 — Write operation rejected (read-only mode)
2024-01-15 08:11:30 INFO  Primary database recovered. Switching back from replica. host=prod-db-01
2024-01-15 08:11:35 INFO  Read-write mode restored. Draining replica queue.
2024-01-15 08:12:00 INFO  POST /api/orders 201 88ms user_id=5522
2024-01-15 08:12:10 INFO  POST /api/checkout 200 132ms user_id=5521 order_id=8801
2024-01-15 08:14:00 WARNING  Slow query detected (4.2s): SELECT * FROM orders WHERE status='pending' — missing index on status column
2024-01-15 08:15:00 INFO  GET /api/products 200 38ms
2024-01-15 08:16:00 INFO  Scheduled task: cache_warmer started
2024-01-15 08:16:45 INFO  Cache warmed: 12,500 product records preloaded
2024-01-15 08:18:00 ERROR  External payment gateway timeout: stripe.com/v1/charges (28s). Transaction ID=txn_88112
2024-01-15 08:18:05 WARNING  Payment retry queued for transaction txn_88112
2024-01-15 08:20:00 INFO  GET /api/health 200 9ms
2024-01-15 08:20:12 INFO  POST /api/users/register 201 220ms email=new_user@example.com
2024-01-15 08:22:00 INFO  Background job started: daily_report_generator
2024-01-15 08:24:00 WARNING  Disk usage at 81% on /dev/sda1. Threshold exceeded!
2024-01-15 08:24:01 ERROR  Log rotation failed: insufficient disk space on /dev/sda1 (19% free)
2024-01-15 08:25:00 INFO  GET /api/dashboard 200 154ms user_id=admin
2024-01-15 08:26:00 INFO  Background job completed: daily_report_generator duration=4m12s
2024-01-15 08:28:00 ERROR  External payment gateway timeout: stripe.com/v1/charges (28s). Transaction ID=txn_88201
2024-01-15 08:28:05 WARNING  Payment retry queued for transaction txn_88201
2024-01-15 08:30:00 INFO  GET /api/health 200 11ms
2024-01-15 08:32:00 INFO  POST /api/orders 201 95ms user_id=5589
